******************************************************************************
             TMS320C2000 Linker Unix v22.6.1                   
******************************************************************************
>> Linked Thu May 29 19:49:42 2025

OUTPUT FILE NAME:   <i2c_ex1_loopback.out>
ENTRY POINT SYMBOL: "code_start"  address: 00000000


MEMORY CONFIGURATION

         name            origin    length      used     unused   attr    fill
----------------------  --------  ---------  --------  --------  ----  --------
  RAMM0_BEGIN           00000000   00000002  00000002  00000000  RWIX
  RAMM0                 00000128   000002d8  00000020  000002b8  RWIX
  RAMM1                 00000400   000003f8  00000200  000001f8  RWIX
  CLATOCPU_MSGRAM       00001480   00000080  00000000  00000080  RWIX
  CPUTOCLA_MSGRAM       00001500   00000080  00000000  00000080  RWIX
  CLATODMA_MSGRAM       00001680   00000080  00000000  00000080  RWIX
  DMATOCLA_MSGRAM       00001700   00000080  00000000  00000080  RWIX
  RAMLS0                00008000   00000800  00000000  00000800  RWIX
  RAMLS1                00008800   00000800  00000000  00000800  RWIX
  RAMLS2                00009000   00000800  00000000  00000800  RWIX
  RAMLS3                00009800   00000800  00000000  00000800  RWIX
  RAMLS4                0000a000   00000800  000005b6  0000024a  RWIX
  RAMLS5                0000a800   00000800  00000000  00000800  RWIX
  RAMLS6                0000b000   00000800  00000000  00000800  RWIX
  RAMLS7                0000b800   00000800  00000000  00000800  RWIX
  RAMGS0                0000c000   00001000  00001000  00000000  RWIX
  RAMGS1                0000d000   00001000  00000000  00001000  RWIX
  RAMGS2                0000e000   00001000  00000000  00001000  RWIX
  RAMGS3                0000f000   00000ff8  00000000  00000ff8  RWIX
  FLASH_BANK0_SEC0      00080000   00001000  00000000  00001000  RWIX
  FLASH_BANK0_SEC1      00081000   00001000  00000000  00001000  RWIX
  FLASH_BANK0_SEC2      00082000   00001000  00000000  00001000  RWIX
  FLASH_BANK0_SEC3      00083000   00001000  00000000  00001000  RWIX
  FLASH_BANK0_SEC4      00084000   00001000  00000000  00001000  RWIX
  FLASH_BANK0_SEC5      00085000   00001000  00000000  00001000  RWIX
  FLASH_BANK0_SEC6      00086000   00001000  00000000  00001000  RWIX
  FLASH_BANK0_SEC7      00087000   00001000  00000000  00001000  RWIX
  FLASH_BANK0_SEC8      00088000   00001000  00000000  00001000  RWIX
  FLASH_BANK0_SEC9      00089000   00001000  00000000  00001000  RWIX
  FLASH_BANK0_SEC10     0008a000   00001000  00000000  00001000  RWIX
  FLASH_BANK0_SEC11     0008b000   00001000  00000000  00001000  RWIX
  FLASH_BANK0_SEC12     0008c000   00001000  00000000  00001000  RWIX
  FLASH_BANK0_SEC13     0008d000   00001000  00000000  00001000  RWIX
  FLASH_BANK0_SEC14     0008e000   00001000  00000000  00001000  RWIX
  FLASH_BANK0_SEC15     0008f000   00001000  00000000  00001000  RWIX
  FLASH_BANK1_SEC0      00090000   00001000  00000000  00001000  RWIX
  FLASH_BANK1_SEC1      00091000   00001000  00000000  00001000  RWIX
  FLASH_BANK1_SEC2      00092000   00001000  00000000  00001000  RWIX
  FLASH_BANK1_SEC3      00093000   00001000  00000000  00001000  RWIX
  FLASH_BANK1_SEC4      00094000   00001000  00000000  00001000  RWIX
  FLASH_BANK1_SEC5      00095000   00001000  00000000  00001000  RWIX
  FLASH_BANK1_SEC6      00096000   00001000  00000000  00001000  RWIX
  FLASH_BANK1_SEC7      00097000   00001000  00000000  00001000  RWIX
  FLASH_BANK1_SEC8      00098000   00001000  00000000  00001000  RWIX
  FLASH_BANK1_SEC9      00099000   00001000  00000000  00001000  RWIX
  FLASH_BANK1_SEC10     0009a000   00001000  00000000  00001000  RWIX
  FLASH_BANK1_SEC11     0009b000   00001000  00000000  00001000  RWIX
  FLASH_BANK1_SEC12     0009c000   00001000  00000000  00001000  RWIX
  FLASH_BANK1_SEC13     0009d000   00001000  00000000  00001000  RWIX
  FLASH_BANK1_SEC14     0009e000   00001000  00000000  00001000  RWIX
  FLASH_BANK1_SEC15     0009f000   00001000  00000000  00001000  RWIX
  FLASH_BANK2_SEC0      000a0000   00001000  00000000  00001000  RWIX
  FLASH_BANK2_SEC1      000a1000   00001000  00000000  00001000  RWIX
  FLASH_BANK2_SEC2      000a2000   00001000  00000000  00001000  RWIX
  FLASH_BANK2_SEC3      000a3000   00001000  00000000  00001000  RWIX
  FLASH_BANK2_SEC4      000a4000   00001000  00000000  00001000  RWIX
  FLASH_BANK2_SEC5      000a5000   00001000  00000000  00001000  RWIX
  FLASH_BANK2_SEC6      000a6000   00001000  00000000  00001000  RWIX
  FLASH_BANK2_SEC7      000a7000   00001000  00000000  00001000  RWIX
  FLASH_BANK2_SEC8      000a8000   00001000  00000000  00001000  RWIX
  FLASH_BANK2_SEC9      000a9000   00001000  00000000  00001000  RWIX
  FLASH_BANK2_SEC10     000aa000   00001000  00000000  00001000  RWIX
  FLASH_BANK2_SEC11     000ab000   00001000  00000000  00001000  RWIX
  FLASH_BANK2_SEC12     000ac000   00001000  00000000  00001000  RWIX
  FLASH_BANK2_SEC13     000ad000   00001000  00000000  00001000  RWIX
  FLASH_BANK2_SEC14     000ae000   00001000  00000000  00001000  RWIX
  FLASH_BANK2_SEC15     000af000   00000ff0  00000000  00000ff0  RWIX
  RESET                 003fffc0   00000002  00000000  00000002  RWIX


SECTION ALLOCATION MAP

 output                                  attributes/
section   page    origin      length       input sections
--------  ----  ----------  ----------   ----------------
.reset     0    003fffc0    00000000     DSECT

codestart 
*          0    00000000    00000002     
                  00000000    00000002     f28003x_codestartbranch.obj (codestart)

.TI.ramfunc 
*          0    00000128    00000004     
                  00000128    00000004     driverlib.lib : sysctl.obj (.TI.ramfunc)

.cinit     0    0000012c    0000001c     
                  0000012c    00000009     (.cinit..data.load) [load image, compression = lzss]
                  00000135    00000001     --HOLE-- [fill = 0]
                  00000136    00000006     (__TI_handler_table)
                  0000013c    00000004     (.cinit..bss.load) [load image, compression = zero_init]
                  00000140    00000008     (__TI_cinit_table)

.stack     0    00000400    00000200     UNINITIALIZED
                  00000400    00000200     --HOLE--

.init_array 
*          0    00000128    00000000     UNINITIALIZED

.const     0    0000a000    00000303     
                  0000a000    000000a6     device.obj (.const:.string)
                  0000a0a6    0000009a     driverlib.lib : sysctl.obj (.const:.string)
                  0000a140    00000098                   : gpio.obj (.const:.string)
                  0000a1d8    00000095     board.obj (.const:.string)
                  0000a26d    00000001     --HOLE-- [fill = 0]
                  0000a26e    0000004b     driverlib.lib : i2c.obj (.const:.string)
                  0000a2b9    00000001     --HOLE-- [fill = 0]
                  0000a2ba    00000049     i2c_ex1_loopback.obj (.const:.string)

.data      0    0000a304    0000000b     UNINITIALIZED
                  0000a304    00000006     rts2800_fpu32_eabi.lib : exit.c.obj (.data)
                  0000a30a    00000002                            : _lock.c.obj (.data:_lock)
                  0000a30c    00000002                            : _lock.c.obj (.data:_unlock)
                  0000a30e    00000001     i2c_ex1_loopback.obj (.data)

.bss       0    0000a30f    00000004     UNINITIALIZED
                  0000a30f    00000002     i2c_ex1_loopback.obj (.bss:rData)
                  0000a311    00000002     i2c_ex1_loopback.obj (.bss:sData)

.text.1    0    0000a303    00000001     
                  0000a303    00000001     device_cmd.obj (.text:generic_ram_lnk_init)

.text.2    0    0000a313    000002a3     
                  0000a313    00000016     driverlib.lib : sysctl.obj (.text:DCC_disableDoneSignal)
                  0000a329    00000016                   : interrupt.obj (.text:Interrupt_defaultHandler)
                  0000a33f    00000015                   : sysctl.obj (.text:DCC_clearDoneFlag)
                  0000a354    00000015                   : sysctl.obj (.text:DCC_clearErrorFlag)
                  0000a369    00000015                   : sysctl.obj (.text:DCC_disableErrorSignal)
                  0000a37e    00000015                   : sysctl.obj (.text:DCC_isBaseValid)
                  0000a393    00000015     device.obj (.text:GPIO_unlockPortConfig)
                  0000a3a8    00000014     driverlib.lib : sysctl.obj (.text:DCC_disableModule)
                  0000a3bc    00000014                   : sysctl.obj (.text:DCC_enableModule)
                  0000a3d0    00000014                   : gpio.obj (.text:GPIO_isPinValid)
                  0000a3e4    00000014     i2c_ex1_loopback.obj (.text:I2C_putData)
                  0000a3f8    00000014     board.obj (.text:SysCtl_selectErrPinPolarity)
                  0000a40c    00000014     board.obj (.text:SysCtl_setPeripheralAccessControl)
                  0000a420    00000013     board.obj (.text:I2C_disableModule)
                  0000a433    00000013     board.obj (.text:I2C_enableLoopback)
                  0000a446    00000013     board.obj (.text:I2C_enableModule)
                  0000a459    00000013     board.obj (.text:I2C_isBaseValid)
                  0000a46c    00000013     driverlib.lib : i2c.obj (.text:I2C_isBaseValid)
                  0000a47f    00000013     i2c_ex1_loopback.obj (.text:I2C_isBaseValid)
                  0000a492    00000013     i2c_ex1_loopback.obj (.text:I2C_sendStartCondition)
                  0000a4a5    00000012     board.obj (.text:I2C_setDataCount)
                  0000a4b7    00000012     device.obj (.text:SysCtl_setMCANClk)
                  0000a4c9    00000010     device.obj (.text:CAN_isBaseValid)
                  0000a4d9    00000010     device.obj (.text:Device_initGPIO)
                  0000a4e9    00000010     i2c_ex1_loopback.obj (.text:I2C_getData)
                  0000a4f9    0000000d     driverlib.lib : interrupt.obj (.text:Interrupt_disableGlobal)
                  0000a506    0000000d                   : interrupt.obj (.text:Interrupt_enableGlobal)
                  0000a513    0000000d     device.obj (.text:SysCtl_setLowSpeedClock)
                  0000a520    0000000d     rts2800_fpu32_eabi.lib : copy_zero_init.c.obj (.text:decompress:ZI:__TI_zero_init_nomemset)
                  0000a52d    0000000c                            : args_main.c.obj (.text)
                  0000a539    0000000b     board.obj (.text:Board_init)
                  0000a544    0000000b     device.obj (.text:SysCtl_disableWatchdog)
                  0000a54f    0000000b     driverlib.lib : sysctl.obj (.text:SysCtl_isMCDClockFailureDetected)
                  0000a55a    0000000a                   : interrupt.obj (.text:Interrupt_illegalOperationHandler)
                  0000a564    0000000a                   : interrupt.obj (.text:Interrupt_nmiHandler)
                  0000a56e    00000009     rts2800_fpu32_eabi.lib : _lock.c.obj (.text)
                  0000a577    00000008                            : copy_decompress_none.c.obj (.text:decompress:none)
                  0000a57f    00000008     f28003x_codestartbranch.obj (.text)
                  0000a587    00000007     device.obj (.text:ASysCtl_lockVREG)
                  0000a58e    00000007     board.obj (.text:SysCtl_disableMCD)
                  0000a595    00000007     driverlib.lib : sysctl.obj (.text:SysCtl_resetMCD)
                  0000a59c    00000007     device.obj (.text:__error__)
                  0000a5a3    00000006     i2c_ex1_loopback.obj (.text:Interrupt_clearACKGroup)
                  0000a5a9    00000004     device.obj (.text:SysCtl_deviceCal)
                  0000a5ad    00000003     device_cmd.obj (.text:CMD_init)
                  0000a5b0    00000003     board.obj (.text:I2C_init)
                  0000a5b3    00000002     rts2800_fpu32_eabi.lib : pre_init.c.obj (.text)
                  0000a5b5    00000001                            : startup.c.obj (.text)

.text.3    0    0000c000    00001000     
                  0000c000    0000042e     board.obj (.text:SYSCTL_init)
                  0000c42e    00000123     driverlib.lib : sysctl.obj (.text:SysCtl_setClock)
                  0000c551    000000fe                   : sysctl.obj (.text:SysCtl_isPLLValid)
                  0000c64f    00000099     i2c_ex1_loopback.obj (.text:i2cFIFOISR)
                  0000c6e8    00000088     rts2800_fpu32_eabi.lib : fs_div28.asm.obj (.text)
                  0000c770    00000073     driverlib.lib : sysctl.obj (.text:DCC_setCounterSeeds)
                  0000c7e3    0000006a                   : gpio.obj (.text:GPIO_setAnalogMode)
                  0000c84d    00000065                   : sysctl.obj (.text:SysCtl_getClock)
                  0000c8b2    00000064                   : i2c.obj (.text:I2C_initController)
                  0000c916    0000005e     board.obj (.text:myI2C0_init)
                  0000c974    00000052     driverlib.lib : gpio.obj (.text:GPIO_setPadConfig)
                  0000c9c6    0000004d                   : sysctl.obj (.text:SysCtl_selectOscSource)
                  0000ca13    00000046                   : sysctl.obj (.text:SysCtl_selectXTAL)
                  0000ca59    00000045     device.obj (.text:Device_init)
                  0000ca9e    00000045     driverlib.lib : sysctl.obj (.text:SysCtl_pollX1Counter)
                  0000cae3    0000003d                   : interrupt.obj (.text:Interrupt_initModule)
                  0000cb20    00000037                   : gpio.obj (.text:GPIO_setPinConfig)
                  0000cb57    00000037                   : gpio.obj (.text:GPIO_setQualificationMode)
                  0000cb8e    00000037                   : interrupt.obj (.text:Interrupt_enable)
                  0000cbc5    00000030     rts2800_fpu32_eabi.lib : copy_decompress_lzss.c.obj (.text:decompress:lzss)
                  0000cbf5    0000002e     i2c_ex1_loopback.obj (.text:INT_myI2C0_ISR)
                  0000cc23    0000002b     rts2800_fpu32_eabi.lib : autoinit.c.obj (.text:__TI_auto_init_nobinit_nopinit)
                  0000cc4e    0000002a     driverlib.lib : i2c.obj (.text:I2C_enableInterrupt)
                  0000cc78    00000029     rts2800_fpu32_eabi.lib : exit.c.obj (.text)
                  0000cca1    00000028     i2c_ex1_loopback.obj (.text:main)
                  0000ccc9    00000027     device.obj (.text:CAN_selectClockSource)
                  0000ccf0    00000026     board.obj (.text:I2C_setFIFOInterruptLevel)
                  0000cd16    00000025     driverlib.lib : sysctl.obj (.text:SysCtl_configureType)
                  0000cd3b    00000025                   : sysctl.obj (.text:SysCtl_selectXTALSingleEnded)
                  0000cd60    00000024                   : sysctl.obj (.text:DCC_enableSingleShotMode)
                  0000cd84    00000022                   : i2c.obj (.text:I2C_clearInterruptStatus)
                  0000cda6    00000021                   : i2c.obj (.text:I2C_getInterruptStatus)
                  0000cdc7    0000001f     board.obj (.text:PinMux_init)
                  0000cde6    0000001e     driverlib.lib : sysctl.obj (.text:DCC_setCounter0ClkSource)
                  0000ce04    0000001e                   : sysctl.obj (.text:DCC_setCounter1ClkSource)
                  0000ce22    0000001e                   : interrupt.obj (.text:Interrupt_initVectorTable)
                  0000ce40    0000001d     rts2800_fpu32_eabi.lib : memcpy.c.obj (.text)
                  0000ce5d    0000001b     board.obj (.text:I2C_setOwnAddress)
                  0000ce78    0000001b     board.obj (.text:I2C_setTargetAddress)
                  0000ce93    0000001b     board.obj (.text:SysCtl_setStandbyQualificationPeriod)
                  0000ceae    0000001a     board.obj (.text:I2C_setAddressMode)
                  0000cec8    0000001a     board.obj (.text:I2C_setBitCount)
                  0000cee2    0000001a     board.obj (.text:I2C_setConfig)
                  0000cefc    0000001a     i2c_ex1_loopback.obj (.text:I2C_setConfig)
                  0000cf16    0000001a     board.obj (.text:I2C_setEmulationMode)
                  0000cf30    0000001a     driverlib.lib : sysctl.obj (.text:SysCtl_getLowSpeedClock)
                  0000cf4a    00000019     board.obj (.text:INTERRUPT_init)
                  0000cf63    00000019     driverlib.lib : sysctl.obj (.text:SysCtl_setPLLSysClk)
                  0000cf7c    00000018     board.obj (.text:I2C_enableFIFO)
                  0000cf94    00000018     board.obj (.text:SysCtl_disablePeripheral)
                  0000cfac    00000017     board.obj (.text:SysCtl_enablePeripheral)
                  0000cfc3    00000017     driverlib.lib : sysctl.obj (.text:SysCtl_enablePeripheral)
                  0000cfda    00000017     rts2800_fpu32_eabi.lib : boot28.asm.obj (.text)
                  0000cff1    0000000f     board.obj (.text:Interrupt_register)

MODULE SUMMARY

       Module                        code   ro data   rw data
       ------                        ----   -------   -------
    ./
       i2c_ex1_loopback.obj          345    73        5      
       f28003x_codestartbranch.obj   10     0         0      
    +--+-----------------------------+------+---------+---------+
       Total:                        355    73        5      
                                                             
    ./syscfg/
       board.obj                     1684   149       0      
       device.obj                    221    166       0      
       device_cmd.obj                4      0         0      
    +--+-----------------------------+------+---------+---------+
       Total:                        1909   315       0      
                                                             
    /Applications/ti/ccs2002/ccs/tools/compiler/ti-cgt-c2000_22.6.1.LTS/lib/rts2800_fpu32_eabi.lib
       fs_div28.asm.obj              136    0         0      
       copy_decompress_lzss.c.obj    48     0         0      
       exit.c.obj                    41     0         6      
       autoinit.c.obj                43     0         0      
       memcpy.c.obj                  29     0         0      
       boot28.asm.obj                23     0         0      
       _lock.c.obj                   9      0         4      
       copy_zero_init.c.obj          13     0         0      
       args_main.c.obj               12     0         0      
       copy_decompress_none.c.obj    8      0         0      
       pre_init.c.obj                2      0         0      
       startup.c.obj                 1      0         0      
    +--+-----------------------------+------+---------+---------+
       Total:                        365    0         10     
                                                             
    /Users/charlie/ti/C2000Ware_5_04_00_00/driverlib/f28003x/driverlib/ccs/Debug/driverlib.lib
       sysctl.obj                    1389   154       0      
       gpio.obj                      318    152       0      
       i2c.obj                       228    75        0      
       interrupt.obj                 214    0         0      
    +--+-----------------------------+------+---------+---------+
       Total:                        2149   381       0      
                                                             
       Stack:                        0      0         512    
       Linker Generated:             0      27        0      
    +--+-----------------------------+------+---------+---------+
       Grand Total:                  4778   796       527    


LINKER GENERATED COPY TABLES

__TI_cinit_table @ 00000140 records: 2, size/record: 4, table size: 8
	.data: load addr=0000012c, load size=00000009 bytes, run addr=0000a304, run size=0000000b bytes, compression=lzss
	.bss: load addr=0000013c, load size=00000004 bytes, run addr=0000a30f, run size=00000004 bytes, compression=zero_init


LINKER GENERATED HANDLER TABLE

__TI_handler_table @ 00000136 records: 3, size/record: 2, table size: 6
	index: 0, handler: __TI_zero_init
	index: 1, handler: __TI_decompress_lzss
	index: 2, handler: __TI_decompress_none


GLOBAL DATA SYMBOLS: SORTED BY DATA PAGE

address     data page           name
--------    ----------------    ----
00000400      10 (00000400)     __stack

0000a304     28c (0000a300)     __TI_enable_exit_profile_output
0000a306     28c (0000a300)     __TI_cleanup_ptr
0000a308     28c (0000a300)     __TI_dtors_ptr
0000a30a     28c (0000a300)     _lock
0000a30c     28c (0000a300)     _unlock
0000a30e     28c (0000a300)     rDataPoint
0000a30f     28c (0000a300)     rData
0000a311     28c (0000a300)     sData


GLOBAL SYMBOLS: SORTED ALPHABETICALLY BY Name 

page  address   name                             
----  -------   ----                             
0     0000a539  Board_init                       
0     0000cc78  C$$EXIT                          
0     0000a5ad  CMD_init                         
0     0000ca59  Device_init                      
0     0000a4d9  Device_initGPIO                  
0     0000c7e3  GPIO_setAnalogMode               
0     0000c974  GPIO_setPadConfig                
0     0000cb20  GPIO_setPinConfig                
0     0000cb57  GPIO_setQualificationMode        
0     0000cd84  I2C_clearInterruptStatus         
0     0000cc4e  I2C_enableInterrupt              
0     0000cda6  I2C_getInterruptStatus           
0     0000a5b0  I2C_init                         
0     0000c8b2  I2C_initController               
0     0000cf4a  INTERRUPT_init                   
0     0000cbf5  INT_myI2C0_ISR                   
0     0000a329  Interrupt_defaultHandler         
0     0000cb8e  Interrupt_enable                 
0     0000a55a  Interrupt_illegalOperationHandler
0     0000cae3  Interrupt_initModule             
0     0000ce22  Interrupt_initVectorTable        
0     0000a564  Interrupt_nmiHandler             
0     0000cdc7  PinMux_init                      
0     0000c000  SYSCTL_init                      
0     0000cd16  SysCtl_configureType             
0     00000128  SysCtl_delay                     
0     0000c84d  SysCtl_getClock                  
0     0000cf30  SysCtl_getLowSpeedClock          
0     0000c551  SysCtl_isPLLValid                
0     0000c9c6  SysCtl_selectOscSource           
0     0000ca13  SysCtl_selectXTAL                
0     0000cd3b  SysCtl_selectXTALSingleEnded     
0     0000c42e  SysCtl_setClock                  
0     00000140  __TI_CINIT_Base                  
0     00000148  __TI_CINIT_Limit                 
0     00000148  __TI_CINIT_Warm                  
0     00000136  __TI_Handler_Table_Base          
0     0000013c  __TI_Handler_Table_Limit         
0     00000600  __TI_STACK_END                   
abs   00000200  __TI_STACK_SIZE                  
0     0000cc23  __TI_auto_init_nobinit_nopinit   
0     0000a306  __TI_cleanup_ptr                 
0     0000cbc5  __TI_decompress_lzss             
0     0000a577  __TI_decompress_none             
0     0000a308  __TI_dtors_ptr                   
0     0000a304  __TI_enable_exit_profile_output  
abs   ffffffff  __TI_pprof_out_hndl              
abs   ffffffff  __TI_prof_data_size              
abs   ffffffff  __TI_prof_data_start             
0     0000a520  __TI_zero_init_nomemset          
0     0000c6e8  __c28xabi_divf                   
n/a   UNDEFED   __c_args__                       
0     0000a59c  __error__                        
0     00000400  __stack                          
0     0000a52d  _args_main                       
0     0000cfda  _c_int00                         
0     0000a30a  _lock                            
0     0000a576  _nop                             
0     0000a572  _register_lock                   
0     0000a56e  _register_unlock                 
0     0000a5b5  _system_post_cinit               
0     0000a5b3  _system_pre_init                 
0     0000a30c  _unlock                          
0     0000cc78  abort                            
0     00000000  code_start                       
0     0000cc7a  exit                             
0     0000a303  generic_ram_lnk_init             
0     0000c64f  i2cFIFOISR                       
0     0000cca1  main                             
0     0000ce40  memcpy                           
0     0000c916  myI2C0_init                      
0     0000a30f  rData                            
0     0000a30e  rDataPoint                       
0     0000a311  sData                            


GLOBAL SYMBOLS: SORTED BY Symbol Address 

page  address   name                             
----  -------   ----                             
0     00000000  code_start                       
0     00000128  SysCtl_delay                     
0     00000136  __TI_Handler_Table_Base          
0     0000013c  __TI_Handler_Table_Limit         
0     00000140  __TI_CINIT_Base                  
0     00000148  __TI_CINIT_Limit                 
0     00000148  __TI_CINIT_Warm                  
0     00000400  __stack                          
0     00000600  __TI_STACK_END                   
0     0000a303  generic_ram_lnk_init             
0     0000a304  __TI_enable_exit_profile_output  
0     0000a306  __TI_cleanup_ptr                 
0     0000a308  __TI_dtors_ptr                   
0     0000a30a  _lock                            
0     0000a30c  _unlock                          
0     0000a30e  rDataPoint                       
0     0000a30f  rData                            
0     0000a311  sData                            
0     0000a329  Interrupt_defaultHandler         
0     0000a4d9  Device_initGPIO                  
0     0000a520  __TI_zero_init_nomemset          
0     0000a52d  _args_main                       
0     0000a539  Board_init                       
0     0000a55a  Interrupt_illegalOperationHandler
0     0000a564  Interrupt_nmiHandler             
0     0000a56e  _register_unlock                 
0     0000a572  _register_lock                   
0     0000a576  _nop                             
0     0000a577  __TI_decompress_none             
0     0000a59c  __error__                        
0     0000a5ad  CMD_init                         
0     0000a5b0  I2C_init                         
0     0000a5b3  _system_pre_init                 
0     0000a5b5  _system_post_cinit               
0     0000c000  SYSCTL_init                      
0     0000c42e  SysCtl_setClock                  
0     0000c551  SysCtl_isPLLValid                
0     0000c64f  i2cFIFOISR                       
0     0000c6e8  __c28xabi_divf                   
0     0000c7e3  GPIO_setAnalogMode               
0     0000c84d  SysCtl_getClock                  
0     0000c8b2  I2C_initController               
0     0000c916  myI2C0_init                      
0     0000c974  GPIO_setPadConfig                
0     0000c9c6  SysCtl_selectOscSource           
0     0000ca13  SysCtl_selectXTAL                
0     0000ca59  Device_init                      
0     0000cae3  Interrupt_initModule             
0     0000cb20  GPIO_setPinConfig                
0     0000cb57  GPIO_setQualificationMode        
0     0000cb8e  Interrupt_enable                 
0     0000cbc5  __TI_decompress_lzss             
0     0000cbf5  INT_myI2C0_ISR                   
0     0000cc23  __TI_auto_init_nobinit_nopinit   
0     0000cc4e  I2C_enableInterrupt              
0     0000cc78  C$$EXIT                          
0     0000cc78  abort                            
0     0000cc7a  exit                             
0     0000cca1  main                             
0     0000cd16  SysCtl_configureType             
0     0000cd3b  SysCtl_selectXTALSingleEnded     
0     0000cd84  I2C_clearInterruptStatus         
0     0000cda6  I2C_getInterruptStatus           
0     0000cdc7  PinMux_init                      
0     0000ce22  Interrupt_initVectorTable        
0     0000ce40  memcpy                           
0     0000cf30  SysCtl_getLowSpeedClock          
0     0000cf4a  INTERRUPT_init                   
0     0000cfda  _c_int00                         
abs   00000200  __TI_STACK_SIZE                  
abs   ffffffff  __TI_pprof_out_hndl              
abs   ffffffff  __TI_prof_data_size              
abs   ffffffff  __TI_prof_data_start             
n/a   UNDEFED   __c_args__                       

[74 symbols]
