******************************************************************************
             TMS320C2000 Linker Unix v22.6.1                   
******************************************************************************
>> Linked Sat May 31 12:23:35 2025

OUTPUT FILE NAME:   <i2c_ex1_loopback.out>
ENTRY POINT SYMBOL: "code_start"  address: 00000000


MEMORY CONFIGURATION

         name            origin    length      used     unused   attr    fill
----------------------  --------  ---------  --------  --------  ----  --------
  RAMM0_BEGIN           00000000   00000002  00000002  00000000  RWIX
  RAMM0                 00000128   000002d8  00000022  000002b6  RWIX
  RAMM1                 00000400   000003f8  00000200  000001f8  RWIX
  CLATOCPU_MSGRAM       00001480   00000080  00000000  00000080  RWIX
  CPUTOCLA_MSGRAM       00001500   00000080  00000000  00000080  RWIX
  CLATODMA_MSGRAM       00001680   00000080  00000000  00000080  RWIX
  DMATOCLA_MSGRAM       00001700   00000080  00000000  00000080  RWIX
  RAMLS0                00008000   00000800  00000000  00000800  RWIX
  RAMLS1                00008800   00000800  00000000  00000800  RWIX
  RAMLS2                00009000   00000800  00000000  00000800  RWIX
  RAMLS3                00009800   00000800  00000000  00000800  RWIX
  RAMLS4                0000a000   00000800  00000800  00000000  RWIX
  RAMLS5                0000a800   00000800  00000033  000007cd  RWIX
  RAMLS6                0000b000   00000800  00000000  00000800  RWIX
  RAMLS7                0000b800   00000800  00000000  00000800  RWIX
  RAMGS0                0000c000   00001000  00001000  00000000  RWIX
  RAMGS1                0000d000   00001000  00000000  00001000  RWIX
  RAMGS2                0000e000   00001000  00000000  00001000  RWIX
  RAMGS3                0000f000   00000ff8  00000000  00000ff8  RWIX
  FLASH_BANK0_SEC0      00080000   00001000  00000000  00001000  RWIX
  FLASH_BANK0_SEC1      00081000   00001000  00000000  00001000  RWIX
  FLASH_BANK0_SEC2      00082000   00001000  00000000  00001000  RWIX
  FLASH_BANK0_SEC3      00083000   00001000  00000000  00001000  RWIX
  FLASH_BANK0_SEC4      00084000   00001000  00000000  00001000  RWIX
  FLASH_BANK0_SEC5      00085000   00001000  00000000  00001000  RWIX
  FLASH_BANK0_SEC6      00086000   00001000  00000000  00001000  RWIX
  FLASH_BANK0_SEC7      00087000   00001000  00000000  00001000  RWIX
  FLASH_BANK0_SEC8      00088000   00001000  00000000  00001000  RWIX
  FLASH_BANK0_SEC9      00089000   00001000  00000000  00001000  RWIX
  FLASH_BANK0_SEC10     0008a000   00001000  00000000  00001000  RWIX
  FLASH_BANK0_SEC11     0008b000   00001000  00000000  00001000  RWIX
  FLASH_BANK0_SEC12     0008c000   00001000  00000000  00001000  RWIX
  FLASH_BANK0_SEC13     0008d000   00001000  00000000  00001000  RWIX
  FLASH_BANK0_SEC14     0008e000   00001000  00000000  00001000  RWIX
  FLASH_BANK0_SEC15     0008f000   00001000  00000000  00001000  RWIX
  FLASH_BANK1_SEC0      00090000   00001000  00000000  00001000  RWIX
  FLASH_BANK1_SEC1      00091000   00001000  00000000  00001000  RWIX
  FLASH_BANK1_SEC2      00092000   00001000  00000000  00001000  RWIX
  FLASH_BANK1_SEC3      00093000   00001000  00000000  00001000  RWIX
  FLASH_BANK1_SEC4      00094000   00001000  00000000  00001000  RWIX
  FLASH_BANK1_SEC5      00095000   00001000  00000000  00001000  RWIX
  FLASH_BANK1_SEC6      00096000   00001000  00000000  00001000  RWIX
  FLASH_BANK1_SEC7      00097000   00001000  00000000  00001000  RWIX
  FLASH_BANK1_SEC8      00098000   00001000  00000000  00001000  RWIX
  FLASH_BANK1_SEC9      00099000   00001000  00000000  00001000  RWIX
  FLASH_BANK1_SEC10     0009a000   00001000  00000000  00001000  RWIX
  FLASH_BANK1_SEC11     0009b000   00001000  00000000  00001000  RWIX
  FLASH_BANK1_SEC12     0009c000   00001000  00000000  00001000  RWIX
  FLASH_BANK1_SEC13     0009d000   00001000  00000000  00001000  RWIX
  FLASH_BANK1_SEC14     0009e000   00001000  00000000  00001000  RWIX
  FLASH_BANK1_SEC15     0009f000   00001000  00000000  00001000  RWIX
  FLASH_BANK2_SEC0      000a0000   00001000  00000000  00001000  RWIX
  FLASH_BANK2_SEC1      000a1000   00001000  00000000  00001000  RWIX
  FLASH_BANK2_SEC2      000a2000   00001000  00000000  00001000  RWIX
  FLASH_BANK2_SEC3      000a3000   00001000  00000000  00001000  RWIX
  FLASH_BANK2_SEC4      000a4000   00001000  00000000  00001000  RWIX
  FLASH_BANK2_SEC5      000a5000   00001000  00000000  00001000  RWIX
  FLASH_BANK2_SEC6      000a6000   00001000  00000000  00001000  RWIX
  FLASH_BANK2_SEC7      000a7000   00001000  00000000  00001000  RWIX
  FLASH_BANK2_SEC8      000a8000   00001000  00000000  00001000  RWIX
  FLASH_BANK2_SEC9      000a9000   00001000  00000000  00001000  RWIX
  FLASH_BANK2_SEC10     000aa000   00001000  00000000  00001000  RWIX
  FLASH_BANK2_SEC11     000ab000   00001000  00000000  00001000  RWIX
  FLASH_BANK2_SEC12     000ac000   00001000  00000000  00001000  RWIX
  FLASH_BANK2_SEC13     000ad000   00001000  00000000  00001000  RWIX
  FLASH_BANK2_SEC14     000ae000   00001000  00000000  00001000  RWIX
  FLASH_BANK2_SEC15     000af000   00000ff0  00000000  00000ff0  RWIX
  RESET                 003fffc0   00000002  00000000  00000002  RWIX


SECTION ALLOCATION MAP

 output                                  attributes/
section   page    origin      length       input sections
--------  ----  ----------  ----------   ----------------
.reset     0    003fffc0    00000000     DSECT

codestart 
*          0    00000000    00000002     
                  00000000    00000002     f28003x_codestartbranch.obj (codestart)

.TI.ramfunc 
*          0    00000128    00000004     
                  00000128    00000004     driverlib.lib : sysctl.obj (.TI.ramfunc)

.cinit     0    0000012c    0000001e     
                  0000012c    00000015     (.cinit..data.load) [load image, compression = lzss]
                  00000141    00000001     --HOLE-- [fill = 0]
                  00000142    00000004     (__TI_handler_table)
                  00000146    00000004     (__TI_cinit_table)

.stack     0    00000400    00000200     UNINITIALIZED
                  00000400    00000200     --HOLE--

.init_array 
*          0    00000128    00000000     UNINITIALIZED

.const     0    0000a000    000003e1     
                  0000a000    00000129     board.obj (.const:.string)
                  0000a129    00000001     --HOLE-- [fill = 0]
                  0000a12a    000000a6     device.obj (.const:.string)
                  0000a1d0    0000009a     driverlib.lib : sysctl.obj (.const:.string)
                  0000a26a    00000098                   : gpio.obj (.const:.string)
                  0000a302    00000093     MY_I2C.obj (.const:.string)
                  0000a395    00000001     --HOLE-- [fill = 0]
                  0000a396    0000004b     driverlib.lib : i2c.obj (.const:.string)

.data      0    0000a3e2    00000028     UNINITIALIZED
                  0000a3e2    00000014     MY_I2C.obj (.data:rData)
                  0000a3f6    0000000a     MY_I2C.obj (.data:rmsg)
                  0000a400    00000006     rts2800_fpu32_eabi.lib : exit.c.obj (.data)
                  0000a406    00000002                            : _lock.c.obj (.data:_lock)
                  0000a408    00000002                            : _lock.c.obj (.data:_unlock)

.text.1    0    0000a3e1    00000001     
                  0000a3e1    00000001     device_cmd.obj (.text:generic_ram_lnk_init)

.text.2    0    0000a40a    000003f6     
                  0000a40a    0000001a     board.obj (.text:I2C_setEmulationMode)
                  0000a424    0000001a     driverlib.lib : sysctl.obj (.text:SysCtl_getLowSpeedClock)
                  0000a43e    00000019                   : sysctl.obj (.text:SysCtl_setPLLSysClk)
                  0000a457    00000019     board.obj (.text:led_init)
                  0000a470    00000019     board.obj (.text:sw_init)
                  0000a489    00000018     board.obj (.text:I2C_disableFIFO)
                  0000a4a1    00000018     board.obj (.text:SysCtl_disablePeripheral)
                  0000a4b9    00000017     board.obj (.text:SysCtl_enablePeripheral)
                  0000a4d0    00000017     driverlib.lib : sysctl.obj (.text:SysCtl_enablePeripheral)
                  0000a4e7    00000017     rts2800_fpu32_eabi.lib : boot28.asm.obj (.text)
                  0000a4fe    00000016     driverlib.lib : sysctl.obj (.text:DCC_disableDoneSignal)
                  0000a514    00000016                   : interrupt.obj (.text:Interrupt_defaultHandler)
                  0000a52a    00000015                   : sysctl.obj (.text:DCC_clearDoneFlag)
                  0000a53f    00000015                   : sysctl.obj (.text:DCC_clearErrorFlag)
                  0000a554    00000015                   : sysctl.obj (.text:DCC_disableErrorSignal)
                  0000a569    00000015                   : sysctl.obj (.text:DCC_isBaseValid)
                  0000a57e    00000015     device.obj (.text:GPIO_unlockPortConfig)
                  0000a593    00000014     driverlib.lib : sysctl.obj (.text:DCC_enableModule)
                  0000a5a7    00000014     MY_I2C.obj (.text:GPIO_isPinValid)
                  0000a5bb    00000014     board.obj (.text:GPIO_isPinValid)
                  0000a5cf    00000014     driverlib.lib : gpio.obj (.text:GPIO_isPinValid)
                  0000a5e3    00000014     MY_I2C.obj (.text:I2C_putData)
                  0000a5f7    00000014     board.obj (.text:SysCtl_selectErrPinPolarity)
                  0000a60b    00000014     board.obj (.text:SysCtl_setPeripheralAccessControl)
                  0000a61f    00000013     board.obj (.text:I2C_disableLoopback)
                  0000a632    00000013     board.obj (.text:I2C_disableModule)
                  0000a645    00000013     board.obj (.text:I2C_enableModule)
                  0000a658    00000013     MY_I2C.obj (.text:I2C_isBaseValid)
                  0000a66b    00000013     board.obj (.text:I2C_isBaseValid)
                  0000a67e    00000013     driverlib.lib : i2c.obj (.text:I2C_isBaseValid)
                  0000a691    00000013     MY_I2C.obj (.text:I2C_sendStartCondition)
                  0000a6a4    00000013     MY_I2C.obj (.text:I2C_sendStopCondition)
                  0000a6b7    00000012     MY_I2C.obj (.text:I2C_setDataCount)
                  0000a6c9    00000012     board.obj (.text:I2C_setDataCount)
                  0000a6db    00000012     device.obj (.text:SysCtl_setMCANClk)
                  0000a6ed    00000011     board.obj (.text:Board_init)
                  0000a6fe    00000010     device.obj (.text:CAN_isBaseValid)
                  0000a70e    00000010     device.obj (.text:Device_initGPIO)
                  0000a71e    00000010     board.obj (.text:GPIO_setInterruptType)
                  0000a72e    00000010     MY_I2C.obj (.text:I2C_getData)
                  0000a73e    0000000f     board.obj (.text:Interrupt_register)
                  0000a74d    0000000d     board.obj (.text:INTERRUPT_init)
                  0000a75a    0000000d     driverlib.lib : interrupt.obj (.text:Interrupt_disableGlobal)
                  0000a767    0000000d                   : interrupt.obj (.text:Interrupt_enableGlobal)
                  0000a774    0000000d     device.obj (.text:SysCtl_setLowSpeedClock)
                  0000a781    0000000d     MY_I2C.obj (.text:main)
                  0000a78e    0000000c     rts2800_fpu32_eabi.lib : args_main.c.obj (.text)
                  0000a79a    0000000c     board.obj (.text:sw_XINT_init)
                  0000a7a6    0000000b     device.obj (.text:SysCtl_disableWatchdog)
                  0000a7b1    0000000b     driverlib.lib : sysctl.obj (.text:SysCtl_isMCDClockFailureDetected)
                  0000a7bc    0000000a                   : interrupt.obj (.text:Interrupt_illegalOperationHandler)
                  0000a7c6    0000000a                   : interrupt.obj (.text:Interrupt_nmiHandler)
                  0000a7d0    00000009     board.obj (.text:GPIO_enableInterrupt)
                  0000a7d9    00000009     rts2800_fpu32_eabi.lib : _lock.c.obj (.text)
                  0000a7e2    00000008                            : copy_decompress_none.c.obj (.text:decompress:none)
                  0000a7ea    00000008     f28003x_codestartbranch.obj (.text)
                  0000a7f2    00000007     device.obj (.text:ASysCtl_lockVREG)
                  0000a7f9    00000007     board.obj (.text:SysCtl_disableMCD)

.text.3    0    0000a800    00000033     
                  0000a800    00000007     driverlib.lib : sysctl.obj (.text:SysCtl_resetMCD)
                  0000a807    00000007     device.obj (.text:__error__)
                  0000a80e    00000007     board.obj (.text:myINPUTXBARINPUT0_init)
                  0000a815    00000006     MY_I2C.obj (.text:Interrupt_clearACKGroup)
                  0000a81b    00000005     board.obj (.text:GPIO_init)
                  0000a820    00000004     device.obj (.text:SysCtl_deviceCal)
                  0000a824    00000003     device_cmd.obj (.text:CMD_init)
                  0000a827    00000003     board.obj (.text:I2C_init)
                  0000a82a    00000003     board.obj (.text:INPUTXBAR_init)
                  0000a82d    00000003     board.obj (.text:XINT_init)
                  0000a830    00000002     rts2800_fpu32_eabi.lib : pre_init.c.obj (.text)
                  0000a832    00000001                            : startup.c.obj (.text)

.text.4    0    0000c000    00001000     
                  0000c000    0000042e     board.obj (.text:SYSCTL_init)
                  0000c42e    00000123     driverlib.lib : sysctl.obj (.text:SysCtl_setClock)
                  0000c551    000000fe                   : sysctl.obj (.text:SysCtl_isPLLValid)
                  0000c64f    000000af     MY_I2C.obj (.text:INT_sw_XINT_ISR)
                  0000c6fe    00000088     rts2800_fpu32_eabi.lib : fs_div28.asm.obj (.text)
                  0000c786    00000073     driverlib.lib : sysctl.obj (.text:DCC_setCounterSeeds)
                  0000c7f9    0000006a                   : gpio.obj (.text:GPIO_setAnalogMode)
                  0000c863    00000065                   : sysctl.obj (.text:SysCtl_getClock)
                  0000c8c8    00000064                   : i2c.obj (.text:I2C_initController)
                  0000c92c    00000052                   : gpio.obj (.text:GPIO_setPadConfig)
                  0000c97e    0000004d                   : sysctl.obj (.text:SysCtl_selectOscSource)
                  0000c9cb    00000046                   : sysctl.obj (.text:SysCtl_selectXTAL)
                  0000ca11    00000045     device.obj (.text:Device_init)
                  0000ca56    00000045     driverlib.lib : sysctl.obj (.text:SysCtl_pollX1Counter)
                  0000ca9b    00000045     board.obj (.text:myI2C0_init)
                  0000cae0    0000003d     driverlib.lib : interrupt.obj (.text:Interrupt_initModule)
                  0000cb1d    00000037                   : gpio.obj (.text:GPIO_setControllerCore)
                  0000cb54    00000037                   : gpio.obj (.text:GPIO_setInterruptPin)
                  0000cb8b    00000037                   : gpio.obj (.text:GPIO_setPinConfig)
                  0000cbc2    00000037                   : gpio.obj (.text:GPIO_setQualificationMode)
                  0000cbf9    00000037                   : interrupt.obj (.text:Interrupt_enable)
                  0000cc30    00000031                   : gpio.obj (.text:GPIO_setDirectionMode)
                  0000cc61    00000030     rts2800_fpu32_eabi.lib : copy_decompress_lzss.c.obj (.text:decompress:lzss)
                  0000cc91    0000002d     board.obj (.text:PinMux_init)
                  0000ccbe    0000002b     rts2800_fpu32_eabi.lib : autoinit.c.obj (.text:__TI_auto_init_nobinit_nopinit)
                  0000cce9    0000002a     board.obj (.text:XBAR_setInputPin)
                  0000cd13    0000002a     driverlib.lib : gpio.obj (.text:XBAR_setInputPin)
                  0000cd3d    00000029     rts2800_fpu32_eabi.lib : exit.c.obj (.text)
                  0000cd66    00000027     device.obj (.text:CAN_selectClockSource)
                  0000cd8d    00000027     MY_I2C.obj (.text:GPIO_writePin)
                  0000cdb4    00000027     board.obj (.text:GPIO_writePin)
                  0000cddb    00000025     driverlib.lib : sysctl.obj (.text:SysCtl_configureType)
                  0000ce00    00000025                   : sysctl.obj (.text:SysCtl_selectXTALSingleEnded)
                  0000ce25    00000024                   : sysctl.obj (.text:DCC_enableSingleShotMode)
                  0000ce49    00000022                   : i2c.obj (.text:I2C_clearInterruptStatus)
                  0000ce6b    0000001e                   : sysctl.obj (.text:DCC_setCounter0ClkSource)
                  0000ce89    0000001e                   : sysctl.obj (.text:DCC_setCounter1ClkSource)
                  0000cea7    0000001e                   : interrupt.obj (.text:Interrupt_initVectorTable)
                  0000cec5    0000001d     rts2800_fpu32_eabi.lib : memcpy.c.obj (.text)
                  0000cee2    0000001b     board.obj (.text:I2C_setOwnAddress)
                  0000cefd    0000001b     MY_I2C.obj (.text:I2C_setTargetAddress)
                  0000cf18    0000001b     board.obj (.text:I2C_setTargetAddress)
                  0000cf33    0000001b     board.obj (.text:SysCtl_setStandbyQualificationPeriod)
                  0000cf4e    0000001b     board.obj (.text:XBAR_isBaseValid)
                  0000cf69    0000001b     driverlib.lib : gpio.obj (.text:XBAR_isBaseValid)
                  0000cf84    0000001a     board.obj (.text:I2C_setAddressMode)
                  0000cf9e    0000001a     board.obj (.text:I2C_setBitCount)
                  0000cfb8    0000001a     MY_I2C.obj (.text:I2C_setConfig)
                  0000cfd2    0000001a     board.obj (.text:I2C_setConfig)
                  0000cfec    00000014     driverlib.lib : sysctl.obj (.text:DCC_disableModule)

MODULE SUMMARY

       Module                        code   ro data   rw data
       ------                        ----   -------   -------
    ./
       MY_I2C.obj                    417    147       30     
       f28003x_codestartbranch.obj   10     0         0      
    +--+-----------------------------+------+---------+---------+
       Total:                        427    147       30     
                                                             
    ./syscfg/
       board.obj                     1862   297       0      
       device.obj                    221    166       0      
       device_cmd.obj                4      0         0      
    +--+-----------------------------+------+---------+---------+
       Total:                        2087   463       0      
                                                             
    /Applications/ti/ccs2002/ccs/tools/compiler/ti-cgt-c2000_22.6.1.LTS/lib/rts2800_fpu32_eabi.lib
       fs_div28.asm.obj              136    0         0      
       copy_decompress_lzss.c.obj    48     0         0      
       exit.c.obj                    41     0         6      
       autoinit.c.obj                43     0         0      
       memcpy.c.obj                  29     0         0      
       boot28.asm.obj                23     0         0      
       _lock.c.obj                   9      0         4      
       args_main.c.obj               12     0         0      
       copy_decompress_none.c.obj    8      0         0      
       pre_init.c.obj                2      0         0      
       startup.c.obj                 1      0         0      
    +--+-----------------------------+------+---------+---------+
       Total:                        352    0         10     
                                                             
    /Users/charlie/ti/C2000Ware_5_04_00_00/driverlib/f28003x/driverlib/ccs/Debug/driverlib.lib
       sysctl.obj                    1389   154       0      
       gpio.obj                      546    152       0      
       i2c.obj                       153    75        0      
       interrupt.obj                 214    0         0      
    +--+-----------------------------+------+---------+---------+
       Total:                        2302   381       0      
                                                             
       Stack:                        0      0         512    
       Linker Generated:             0      29        0      
    +--+-----------------------------+------+---------+---------+
       Grand Total:                  5168   1020      552    


LINKER GENERATED COPY TABLES

__TI_cinit_table @ 00000146 records: 1, size/record: 4, table size: 4
	.data: load addr=0000012c, load size=00000015 bytes, run addr=0000a3e2, run size=00000028 bytes, compression=lzss


LINKER GENERATED HANDLER TABLE

__TI_handler_table @ 00000142 records: 2, size/record: 2, table size: 4
	index: 0, handler: __TI_decompress_lzss
	index: 1, handler: __TI_decompress_none


GLOBAL DATA SYMBOLS: SORTED BY DATA PAGE

address     data page           name
--------    ----------------    ----
00000400      10 (00000400)     __stack

0000a3e2     28f (0000a3c0)     rData
0000a3f6     28f (0000a3c0)     rmsg

0000a400     290 (0000a400)     __TI_enable_exit_profile_output
0000a402     290 (0000a400)     __TI_cleanup_ptr
0000a404     290 (0000a400)     __TI_dtors_ptr
0000a406     290 (0000a400)     _lock
0000a408     290 (0000a400)     _unlock


GLOBAL SYMBOLS: SORTED ALPHABETICALLY BY Name 

page  address   name                             
----  -------   ----                             
0     0000a6ed  Board_init                       
0     0000cd3d  C$$EXIT                          
0     0000a824  CMD_init                         
0     0000ca11  Device_init                      
0     0000a70e  Device_initGPIO                  
0     0000a81b  GPIO_init                        
0     0000c7f9  GPIO_setAnalogMode               
0     0000cb1d  GPIO_setControllerCore           
0     0000cc30  GPIO_setDirectionMode            
0     0000cb54  GPIO_setInterruptPin             
0     0000c92c  GPIO_setPadConfig                
0     0000cb8b  GPIO_setPinConfig                
0     0000cbc2  GPIO_setQualificationMode        
0     0000ce49  I2C_clearInterruptStatus         
0     0000a827  I2C_init                         
0     0000c8c8  I2C_initController               
0     0000a82a  INPUTXBAR_init                   
0     0000a74d  INTERRUPT_init                   
0     0000c64f  INT_sw_XINT_ISR                  
0     0000a514  Interrupt_defaultHandler         
0     0000cbf9  Interrupt_enable                 
0     0000a7bc  Interrupt_illegalOperationHandler
0     0000cae0  Interrupt_initModule             
0     0000cea7  Interrupt_initVectorTable        
0     0000a7c6  Interrupt_nmiHandler             
0     0000cc91  PinMux_init                      
0     0000c000  SYSCTL_init                      
0     0000cddb  SysCtl_configureType             
0     00000128  SysCtl_delay                     
0     0000c863  SysCtl_getClock                  
0     0000a424  SysCtl_getLowSpeedClock          
0     0000c551  SysCtl_isPLLValid                
0     0000c97e  SysCtl_selectOscSource           
0     0000c9cb  SysCtl_selectXTAL                
0     0000ce00  SysCtl_selectXTALSingleEnded     
0     0000c42e  SysCtl_setClock                  
0     0000a82d  XINT_init                        
0     00000146  __TI_CINIT_Base                  
0     0000014a  __TI_CINIT_Limit                 
0     0000014a  __TI_CINIT_Warm                  
0     00000142  __TI_Handler_Table_Base          
0     00000146  __TI_Handler_Table_Limit         
0     00000600  __TI_STACK_END                   
abs   00000200  __TI_STACK_SIZE                  
0     0000ccbe  __TI_auto_init_nobinit_nopinit   
0     0000a402  __TI_cleanup_ptr                 
0     0000cc61  __TI_decompress_lzss             
0     0000a7e2  __TI_decompress_none             
0     0000a404  __TI_dtors_ptr                   
0     0000a400  __TI_enable_exit_profile_output  
abs   ffffffff  __TI_pprof_out_hndl              
abs   ffffffff  __TI_prof_data_size              
abs   ffffffff  __TI_prof_data_start             
0     0000c6fe  __c28xabi_divf                   
n/a   UNDEFED   __c_args__                       
0     0000a807  __error__                        
0     00000400  __stack                          
0     0000a78e  _args_main                       
0     0000a4e7  _c_int00                         
0     0000a406  _lock                            
0     0000a7e1  _nop                             
0     0000a7dd  _register_lock                   
0     0000a7d9  _register_unlock                 
0     0000a832  _system_post_cinit               
0     0000a830  _system_pre_init                 
0     0000a408  _unlock                          
0     0000cd3d  abort                            
0     00000000  code_start                       
0     0000cd3f  exit                             
0     0000a3e1  generic_ram_lnk_init             
0     0000a457  led_init                         
0     0000a781  main                             
0     0000cec5  memcpy                           
0     0000ca9b  myI2C0_init                      
0     0000a80e  myINPUTXBARINPUT0_init           
0     0000a3e2  rData                            
0     0000a3f6  rmsg                             
0     0000a79a  sw_XINT_init                     
0     0000a470  sw_init                          


GLOBAL SYMBOLS: SORTED BY Symbol Address 

page  address   name                             
----  -------   ----                             
0     00000000  code_start                       
0     00000128  SysCtl_delay                     
0     00000142  __TI_Handler_Table_Base          
0     00000146  __TI_CINIT_Base                  
0     00000146  __TI_Handler_Table_Limit         
0     0000014a  __TI_CINIT_Limit                 
0     0000014a  __TI_CINIT_Warm                  
0     00000400  __stack                          
0     00000600  __TI_STACK_END                   
0     0000a3e1  generic_ram_lnk_init             
0     0000a3e2  rData                            
0     0000a3f6  rmsg                             
0     0000a400  __TI_enable_exit_profile_output  
0     0000a402  __TI_cleanup_ptr                 
0     0000a404  __TI_dtors_ptr                   
0     0000a406  _lock                            
0     0000a408  _unlock                          
0     0000a424  SysCtl_getLowSpeedClock          
0     0000a457  led_init                         
0     0000a470  sw_init                          
0     0000a4e7  _c_int00                         
0     0000a514  Interrupt_defaultHandler         
0     0000a6ed  Board_init                       
0     0000a70e  Device_initGPIO                  
0     0000a74d  INTERRUPT_init                   
0     0000a781  main                             
0     0000a78e  _args_main                       
0     0000a79a  sw_XINT_init                     
0     0000a7bc  Interrupt_illegalOperationHandler
0     0000a7c6  Interrupt_nmiHandler             
0     0000a7d9  _register_unlock                 
0     0000a7dd  _register_lock                   
0     0000a7e1  _nop                             
0     0000a7e2  __TI_decompress_none             
0     0000a807  __error__                        
0     0000a80e  myINPUTXBARINPUT0_init           
0     0000a81b  GPIO_init                        
0     0000a824  CMD_init                         
0     0000a827  I2C_init                         
0     0000a82a  INPUTXBAR_init                   
0     0000a82d  XINT_init                        
0     0000a830  _system_pre_init                 
0     0000a832  _system_post_cinit               
0     0000c000  SYSCTL_init                      
0     0000c42e  SysCtl_setClock                  
0     0000c551  SysCtl_isPLLValid                
0     0000c64f  INT_sw_XINT_ISR                  
0     0000c6fe  __c28xabi_divf                   
0     0000c7f9  GPIO_setAnalogMode               
0     0000c863  SysCtl_getClock                  
0     0000c8c8  I2C_initController               
0     0000c92c  GPIO_setPadConfig                
0     0000c97e  SysCtl_selectOscSource           
0     0000c9cb  SysCtl_selectXTAL                
0     0000ca11  Device_init                      
0     0000ca9b  myI2C0_init                      
0     0000cae0  Interrupt_initModule             
0     0000cb1d  GPIO_setControllerCore           
0     0000cb54  GPIO_setInterruptPin             
0     0000cb8b  GPIO_setPinConfig                
0     0000cbc2  GPIO_setQualificationMode        
0     0000cbf9  Interrupt_enable                 
0     0000cc30  GPIO_setDirectionMode            
0     0000cc61  __TI_decompress_lzss             
0     0000cc91  PinMux_init                      
0     0000ccbe  __TI_auto_init_nobinit_nopinit   
0     0000cd3d  C$$EXIT                          
0     0000cd3d  abort                            
0     0000cd3f  exit                             
0     0000cddb  SysCtl_configureType             
0     0000ce00  SysCtl_selectXTALSingleEnded     
0     0000ce49  I2C_clearInterruptStatus         
0     0000cea7  Interrupt_initVectorTable        
0     0000cec5  memcpy                           
abs   00000200  __TI_STACK_SIZE                  
abs   ffffffff  __TI_pprof_out_hndl              
abs   ffffffff  __TI_prof_data_size              
abs   ffffffff  __TI_prof_data_start             
n/a   UNDEFED   __c_args__                       

[79 symbols]
